---
created: "2019-02-07T00:21:01.105668511Z"
creator: insta@0.6.1
source: rustc_codegen_c/src/builder/mod.rs
expression: out
---
/* generated by r2c2 version 0.0.0 */
#include <stdint.h>
#include <stdbool.h>

/*                                                    */
/*                    END PREAMBLE                    */
/*                                                    */

struct my_struct;  /* (test-symbol: no associated Rust name) */
union my_union;  /* (test-symbol: no associated Rust name) */
struct my_struct {  /* (test-symbol: no associated Rust name) */
    uint32_t intfield;
    uint32_t * intptr;
    void * voidptr;
    bool shevik;
};

